From 172.16.1.4 icmp_seq=129 Destination Host Unreachable
From 172.16.1.4 icmp_seq=130 Destination Host Unreachable
From 172.16.1.4 icmp_seq=131 Destination Host Unreachable
From 172.16.1.4 icmp_seq=132 Destination Host Unreachable
From 172.16.1.4 icmp_seq=133 Destination Host Unreachable
From 172.16.1.4 icmp_seq=134 Destination Host Unreachable
64 bytes from 172.16.1.115: icmp_seq=135 ttl=64 time=1912 ms
64 bytes from 172.16.1.115: icmp_seq=136 ttl=64 time=897 ms
64 bytes from 172.16.1.115: icmp_seq=137 ttl=64 time=0.271 ms
64 bytes from 172.16.1.115: icmp_seq=138 ttl=64 time=0.351 ms
64 bytes from 172.16.1.115: icmp_seq=139 ttl=64 time=0.304 ms
64 bytes from 172.16.1.115: icmp_seq=140 ttl=64 time=0.339 ms
64 bytes from 172.16.1.115: icmp_seq=141 ttl=64 time=0.301 ms
64 bytes from 172.16.1.115: icmp_seq=142 ttl=64 time=0.266 ms
64 bytes from 172.16.1.115: icmp_seq=143 ttl=64 time=0.326 ms
64 bytes from 172.16.1.115: icmp_seq=144 ttl=64 time=0.351 ms
64 bytes from 172.16.1.115: icmp_seq=145 ttl=64 time=0.282 ms
64 bytes from 172.16.1.115: icmp_seq=146 ttl=64 time=0.389 ms
64 bytes from 172.16.1.115: icmp_seq=147 ttl=64 time=0.333 ms
64 bytes from 172.16.1.115: icmp_seq=148 ttl=64 time=0.392 ms
64 bytes from 172.16.1.115: icmp_seq=149 ttl=64 time=0.377 ms
64 bytes from 172.16.1.115: icmp_seq=150 ttl=64 time=0.384 ms
64 bytes from 172.16.1.115: icmp_seq=151 ttl=64 time=0.394 ms
64 bytes from 172.16.1.115: icmp_seq=152 ttl=64 time=0.626 ms
64 bytes from 172.16.1.115: icmp_seq=153 ttl=64 time=0.225 ms
64 bytes from 172.16.1.115: icmp_seq=154 ttl=64 time=0.430 ms
64 bytes from 172.16.1.115: icmp_seq=155 ttl=64 time=0.227 ms
64 bytes from 172.16.1.115: icmp_seq=156 ttl=64 time=0.419 ms
^C
--- 172.16.1.115 ping statistics ---
156 packets transmitted, 22 received, +86 errors, 85% packet loss, time 157820ms
rtt min/avg/max/mdev = 0.225/128.023/1912.227/431.761 ms, pipe 4
egoncalves.admin@enst10m01c00n00s02:~$ ssh root@172.16.1.115
root@172.16.1.115's password:
Welcome to Ubuntu 18.04.6 LTS (GNU/Linux 5.16.12-gb3be4203fc2a aarch64)

 * Documentation:  https://help.ubuntu.com
 * Management:     https://landscape.canonical.com
 * Support:        https://ubuntu.com/advantage
System installed.
Last login: Tue Jun  7 14:30:32 2022 from 10.0.0.3
root@leaf-140b0f4298:~# dmesg
[    0.000000] Booting Linux on physical CPU 0x0000000000 [0x410fd034]
[    0.000000] Linux version 5.16.12-gb3be4203fc2a (gti@ubuntu) (aarch64-linux-gnu-gcc (Linaro GCC 7.3-2018.05) 7.3.1 20180425 [linaro-7.3-2018.05 revision d29120a424ecfbc167ef90065c0eeb7f91977701], GNU ld (Linaro_Binutils-2018.05) 2.28.2.20170706) #5 SMP PREEMPT Fri Mar 25 17:14:05 CST 2022
[    0.000000] Machine model: Globalscale Marvell ESPRESSOBin Ultra Board
[    0.000000] earlycon: ar3700_uart0 at MMIO 0x00000000d0012000 (options '')
[    0.000000] printk: bootconsole [ar3700_uart0] enabled
[    0.000000] efi: UEFI not found.
[    0.000000] NUMA: No NUMA configuration found
[    0.000000] NUMA: Faking a node at [mem 0x0000000000000000-0x000000003fffffff]
[    0.000000] NUMA: NODE_DATA [mem 0x3fde9b40-0x3fdebfff]
[    0.000000] Zone ranges:
[    0.000000]   DMA      [mem 0x0000000000000000-0x000000003fffffff]
[    0.000000]   DMA32    empty
[    0.000000]   Normal   empty
[    0.000000] Movable zone start for each node
[    0.000000] Early memory node ranges
[    0.000000]   node   0: [mem 0x0000000000000000-0x0000000003ffffff]
[    0.000000]   node   0: [mem 0x0000000004000000-0x00000000041fffff]
[    0.000000]   node   0: [mem 0x0000000004200000-0x000000003fffffff]
[    0.000000] Initmem setup node 0 [mem 0x0000000000000000-0x000000003fffffff]
[    0.000000] cma: Reserved 32 MiB at 0x000000003cc00000
[    0.000000] psci: probing for conduit method from DT.
[    0.000000] psci: PSCIv1.1 detected in firmware.
[    0.000000] psci: Using standard PSCI v0.2 function IDs
[    0.000000] psci: MIGRATE_INFO_TYPE not supported.
[    0.000000] psci: SMC Calling Convention v1.1
[    0.000000] percpu: Embedded 19 pages/cpu s40600 r8192 d29032 u77824
[    0.000000] pcpu-alloc: s40600 r8192 d29032 u77824 alloc=19*4096
[    0.000000] pcpu-alloc: [0] 0 [0] 1
[    0.000000] Detected VIPT I-cache on CPU0
[    0.000000] CPU features: detected: GIC system register CPU interface
[    0.000000] CPU features: detected: ARM erratum 845719
[    0.000000] Fallback order for Node 0: 0
[    0.000000] Built 1 zonelists, mobility grouping on.  Total pages: 258048
[    0.000000] Policy zone: DMA
[    0.000000] Kernel command line: console=ttyMV0,115200 earlycon=ar3700_uart,0xd0012000 root=PARTUUID=89708921-01 rw rootwait net.ifnames=0 biosdevname=0
[    0.000000] Unknown kernel command line parameters "biosdevname=0", will be passed to user space.
[    0.000000] Dentry cache hash table entries: 131072 (order: 8, 1048576 bytes, linear)
[    0.000000] Inode-cache hash table entries: 65536 (order: 7, 524288 bytes, linear)
[    0.000000] mem auto-init: stack:off, heap alloc:off, heap free:off
[    0.000000] Memory: 973504K/1048576K available (12096K kernel code, 1128K rwdata, 4092K rodata, 2048K init, 465K bss, 42304K reserved, 32768K cma-reserved)
[    0.000000] SLUB: HWalign=64, Order=0-3, MinObjects=0, CPUs=2, Nodes=1
[    0.000000] rcu: Preemptible hierarchical RCU implementation.
[    0.000000] rcu:     RCU event tracing is enabled.
[    0.000000] rcu:     RCU restricting CPUs from NR_CPUS=256 to nr_cpu_ids=2.
[    0.000000]  Trampoline variant of Tasks RCU enabled.
[    0.000000] rcu: RCU calculated value of scheduler-enlistment delay is 25 jiffies.
[    0.000000] rcu: Adjusting geometry for rcu_fanout_leaf=16, nr_cpu_ids=2
[    0.000000] NR_IRQS: 64, nr_irqs: 64, preallocated irqs: 0
[    0.000000] GICv3: GIC: Using split EOI/Deactivate mode
[    0.000000] GICv3: 192 SPIs implemented
[    0.000000] GICv3: 0 Extended SPIs implemented
[    0.000000] GICv3: Distributor has no Range Selector support
[    0.000000] Root IRQ handler: gic_handle_irq
[    0.000000] GICv3: 16 PPIs implemented
[    0.000000] GICv3: CPU0: found redistributor 0 region 0:0x00000000d1d40000
[    0.000000] random: get_random_bytes called from start_kernel+0x484/0x674 with crng_init=0
[    0.000000] arch_timer: cp15 timer(s) running at 12.50MHz (phys).
[    0.000000] clocksource: arch_sys_counter: mask: 0xffffffffffffff max_cycles: 0x2e2049cda, max_idle_ns: 440795202628 ns
[    0.000000] sched_clock: 56 bits at 12MHz, resolution 80ns, wraps every 4398046511080ns
[    0.008443] Console: colour dummy device 80x25
[    0.013013] Calibrating delay loop (skipped), value calculated using timer frequency.. 25.00 BogoMIPS (lpj=50000)
[    0.023520] pid_max: default: 32768 minimum: 301
[    0.028322] LSM: Security Framework initializing
[    0.033081] Mount-cache hash table entries: 2048 (order: 2, 16384 bytes, linear)
[    0.040640] Mountpoint-cache hash table entries: 2048 (order: 2, 16384 bytes, linear)
[    0.050247] rcu: Hierarchical SRCU implementation.
[    0.055455] EFI services will not be available.
[    0.060264] smp: Bringing up secondary CPUs ...
[    0.065362] Detected VIPT I-cache on CPU1
[    0.065399] GICv3: CPU1: found redistributor 1 region 0:0x00000000d1d60000
[    0.065459] CPU1: Booted secondary processor 0x0000000001 [0x410fd034]
[    0.065580] smp: Brought up 1 node, 2 CPUs
[    0.087659] SMP: Total of 2 processors activated.
[    0.092486] CPU features: detected: 32-bit EL0 Support
[    0.097787] CPU features: detected: 32-bit EL1 Support
[    0.103062] CPU features: detected: CRC32 instructions
[    0.116642] CPU: All CPU(s) started at EL2
[    0.120850] alternatives: patching kernel code
[    0.126667] devtmpfs: initialized
[    0.133006] KASLR disabled due to lack of seed
[    0.137736] clocksource: jiffies: mask: 0xffffffff max_cycles: 0xffffffff, max_idle_ns: 7645041785100000 ns
[    0.147715] futex hash table entries: 512 (order: 3, 32768 bytes, linear)
[    0.156077] pinctrl core: initialized pinctrl subsystem
[    0.162009] DMI not present or invalid.
[    0.166451] NET: Registered PF_NETLINK/PF_ROUTE protocol family
[    0.173877] DMA: preallocated 128 KiB GFP_KERNEL pool for atomic allocations
[    0.181219] DMA: preallocated 128 KiB GFP_KERNEL|GFP_DMA pool for atomic allocations
[    0.189230] DMA: preallocated 128 KiB GFP_KERNEL|GFP_DMA32 pool for atomic allocations
[    0.197377] audit: initializing netlink subsys (disabled)
[    0.203118] audit: type=2000 audit(0.164:1): state=initialized audit_enabled=0 res=1
[    0.203666] thermal_sys: Registered thermal governor 'step_wise'
[    0.211047] thermal_sys: Registered thermal governor 'power_allocator'
[    0.217333] cpuidle: using governor menu
[    0.228197] hw-breakpoint: found 6 breakpoint and 4 watchpoint registers.
[    0.235170] ASID allocator initialised with 65536 entries
[    0.255425] HugeTLB registered 1.00 GiB page size, pre-allocated 0 pages
[    0.262284] HugeTLB registered 32.0 MiB page size, pre-allocated 0 pages
[    0.269168] HugeTLB registered 2.00 MiB page size, pre-allocated 0 pages
[    0.276065] HugeTLB registered 64.0 KiB page size, pre-allocated 0 pages
[    0.284190] ACPI: Interpreter disabled.
[    0.288622] iommu: Default domain type: Translated
[    0.293574] iommu: DMA domain TLB invalidation policy: strict mode
[    0.300217] vgaarb: loaded
[    0.303220] SCSI subsystem initialized
[    0.307223] libata version 3.00 loaded.
[    0.307427] usbcore: registered new interface driver usbfs
[    0.313042] usbcore: registered new interface driver hub
[    0.318498] usbcore: registered new device driver usb
[    0.324043] pps_core: LinuxPPS API ver. 1 registered
[    0.329078] pps_core: Software ver. 5.3.6 - Copyright 2005-2007 Rodolfo Giometti <giometti@linux.it>
[    0.338495] PTP clock support registered
[    0.342550] EDAC MC: Ver: 3.0.0
[    0.347137] NetLabel: Initializing
[    0.350585] NetLabel:  domain hash size = 128
[    0.355050] NetLabel:  protocols = UNLABELED CIPSOv4 CALIPSO
[    0.360927] NetLabel:  unlabeled traffic allowed by default
[    0.367187] clocksource: Switched to clocksource arch_sys_counter
[    0.373594] VFS: Disk quotas dquot_6.6.0
[    0.377611] VFS: Dquot-cache hash table entries: 512 (order 0, 4096 bytes)
[    0.384823] pnp: PnP ACPI: disabled
[    0.393934] NET: Registered PF_INET protocol family
[    0.399165] IP idents hash table entries: 16384 (order: 5, 131072 bytes, linear)
[    0.407788] tcp_listen_portaddr_hash hash table entries: 512 (order: 1, 8192 bytes, linear)
[    0.416391] TCP established hash table entries: 8192 (order: 4, 65536 bytes, linear)
[    0.424380] TCP bind hash table entries: 8192 (order: 5, 131072 bytes, linear)
[    0.431880] TCP: Hash tables configured (established 8192 bind 8192)
[    0.438560] UDP hash table entries: 512 (order: 2, 16384 bytes, linear)
[    0.445324] UDP-Lite hash table entries: 512 (order: 2, 16384 bytes, linear)
[    0.452741] NET: Registered PF_UNIX/PF_LOCAL protocol family
[    0.458971] RPC: Registered named UNIX socket transport module.
[    0.465035] RPC: Registered udp transport module.
[    0.469871] RPC: Registered tcp transport module.
[    0.474680] RPC: Registered tcp NFSv4.1 backchannel transport module.
[    0.481319] PCI: CLS 0 bytes, default 64
[    0.485936] hw perfevents: enabled with armv8_pmuv3 PMU driver, 7 counters available
[    0.494172] kvm [1]: IPA Size Limit: 40 bits
[    0.499227] kvm [1]: vgic-v2@d1da0000
[    0.502928] kvm [1]: GIC system register CPU interface enabled
[    0.508993] kvm [1]: vgic interrupt IRQ9
[    0.513067] kvm [1]: Hyp mode initialized successfully
[    0.519576] Initialise system trusted keyrings
[    0.524385] workingset: timestamp_bits=42 max_order=18 bucket_order=0
[    0.537086] squashfs: version 4.0 (2009/01/31) Phillip Lougher
[    0.543796] NFS: Registering the id_resolver key type
[    0.549005] Key type id_resolver registered
[    0.553238] Key type id_legacy registered
[    0.557451] nfs4filelayout_init: NFSv4 File Layout Driver Registering...
[    0.564279] nfs4flexfilelayout_init: NFSv4 Flexfile Layout Driver Registering...
[    0.572109] 9p: Installing v9fs 9p2000 file system support
[    0.613767] Key type asymmetric registered
[    0.617920] Asymmetric key parser 'x509' registered
[    0.623047] Block layer SCSI generic (bsg) driver version 0.4 loaded (major 245)
[    0.630611] io scheduler mq-deadline registered
[    0.635250] io scheduler kyber registered
[    0.644348] advk-pcie d0070000.pcie: host bridge /soc/pcie@d0070000 ranges:
[    0.651518] advk-pcie d0070000.pcie:      MEM 0x00e8000000..0x00efefffff -> 0x00e8000000
[    0.659816] advk-pcie d0070000.pcie:       IO 0x00efff0000..0x00efffffff -> 0x00efff0000
[    0.669003] advk-pcie d0070000.pcie: issuing PERST via reset GPIO for 10ms
[    0.779204] advk-pcie d0070000.pcie: link up
[    0.783707] advk-pcie d0070000.pcie: PCI host bridge to bus 0000:00
[    0.790095] pci_bus 0000:00: root bus resource [bus 00-ff]
[    0.795732] pci_bus 0000:00: root bus resource [mem 0xe8000000-0xefefffff]
[    0.802816] pci_bus 0000:00: root bus resource [io  0x0000-0xffff] (bus address [0xefff0000-0xefffffff])
[    0.812610] pci 0000:00:00.0: [11ab:0100] type 01 class 0x060400
[    0.819719] pci 0000:00:00.0: bridge configuration invalid ([bus 00-00]), reconfiguring
[    0.828055] pci 0000:01:00.0: [1b4b:2b42] type 00 class 0x020000
[    0.834233] pci 0000:01:00.0: reg 0x10: [mem 0x00000000-0x000fffff 64bit pref]
[    0.841659] pci 0000:01:00.0: reg 0x18: [mem 0x00000000-0x000fffff 64bit pref]
[    0.849118] pci 0000:01:00.0: Upstream bridge's Max Payload Size set to 128 (was 512, max 512)
[    0.857929] pci 0000:01:00.0: Max Payload Size set to 128 (was 128, max 128)
[    0.865429] pci 0000:01:00.0: supports D1 D2
[    0.869748] pci 0000:01:00.0: PME# supported from D0 D1 D3hot D3cold
[    0.876405] pci 0000:01:00.0: 2.000 Gb/s available PCIe bandwidth, limited by 2.5 GT/s PCIe x1 link at 0000:00:00.0 (capable of 4.000 Gb/s with 5.0 GT/s PCIe x1 link)
[    0.903954] pci_bus 0000:01: busn_res: [bus 01-ff] end is updated to 01
[    0.910800] pci 0000:00:00.0: BAR 15: assigned [mem 0xe8000000-0xe81fffff 64bit pref]
[    0.918803] pci 0000:01:00.0: BAR 0: assigned [mem 0xe8000000-0xe80fffff 64bit pref]
[    0.926802] pci 0000:01:00.0: BAR 2: assigned [mem 0xe8100000-0xe81fffff 64bit pref]
[    0.934775] pci 0000:00:00.0: PCI bridge to [bus 01]
[    0.939855] pci 0000:00:00.0:   bridge window [mem 0xe8000000-0xe81fffff 64bit pref]
[    0.948007] pcieport 0000:00:00.0: enabling device (0000 -> 0002)
[    0.954364] pcieport 0000:00:00.0: PME: Signaling with IRQ 50
[    0.960955] EINJ: ACPI disabled.
[    0.965701] mv_xor d0060900.xor: Marvell shared XOR driver
[    1.003978] mv_xor d0060900.xor: Marvell XOR (Descriptor Mode): ( xor cpy intr )
[    1.040016] mv_xor d0060900.xor: Marvell XOR (Descriptor Mode): ( xor cpy intr )
[    1.047813] debugfs: Directory 'd0060900.xor' with parent 'dmaengine' already present!
[    1.058682] Serial: 8250/16550 driver, 4 ports, IRQ sharing enabled
[    1.066896] cacheinfo: Unable to detect cache hierarchy for CPU 0
[    1.074066] brd: module loaded
[    1.081975] loop: module loaded
[    1.085772] ahci-mvebu d00e0000.sata: supply ahci not found, using dummy regulator
[    1.093657] ahci-mvebu d00e0000.sata: supply phy not found, using dummy regulator
[    1.101414] ahci-mvebu d00e0000.sata: supply target not found, using dummy regulator
[    1.110048] ahci-mvebu d00e0000.sata: AHCI 0001.0300 32 slots 1 ports 6 Gbps 0x1 impl platform mode
[    1.119309] ahci-mvebu d00e0000.sata: flags: ncq sntf led only pmp fbs pio slum part sxs
[    1.128768] scsi host0: ahci-mvebu
[    1.132542] ata1: SATA max UDMA/133 mmio [mem 0xd00e0000-0xd00e0177] port 0x100 irq 31
[    1.142471] spi-nor spi0.0: mx25u3235f (4096 Kbytes)
[    1.148232] 3 fixed-partitions partitions found on MTD device spi0.0
[    1.154743] Creating 3 MTD partitions on "spi0.0":
[    1.159683] 0x000000000000-0x0000003e0000 : "firmware"
[    1.166284] 0x0000003e0000-0x0000003f0000 : "hw-info"
[    1.172571] 0x0000003f0000-0x000000400000 : "u-boot-env"
[    1.180430] tun: Universal TUN/TAP device driver, 1.6
[    1.185876] e1000e: Intel(R) PRO/1000 Network Driver
[    1.190930] e1000e: Copyright(c) 1999 - 2015 Intel Corporation.
[    1.197080] igb: Intel(R) Gigabit Ethernet Network Driver
[    1.202564] igb: Copyright (c) 2007-2014 Intel Corporation.
[    1.208332] igbvf: Intel(R) Gigabit Virtual Function Network Driver
[    1.214754] igbvf: Copyright (c) 2009 - 2012 Intel Corporation.
[    1.221808] mv88e6085 d0032004.mdio-mii:03: switch 0x3410 detected: Marvell 88E6341, revision 0
[    1.246586] hwmon hwmon0: temp1_input not attached to any thermal zone
[    1.258230] hwmon hwmon1: temp1_input not attached to any thermal zone
[    1.269847] hwmon hwmon2: temp1_input not attached to any thermal zone
[    1.281470] hwmon hwmon3: temp1_input not attached to any thermal zone
[    1.297184] hwmon hwmon0: temp1_input not attached to any thermal zone
[    1.305453] mvneta d0030000.ethernet eth0: Using device tree mac address f0:ad:4e:1a:c8:18
[    1.314583] VFIO - User Level meta-driver version: 0.3
[    1.320543] ehci_hcd: USB 2.0 'Enhanced' Host Controller (EHCI) Driver
[    1.327270] ehci-pci: EHCI PCI platform driver
[    1.331824] ehci-platform: EHCI generic platform driver
[    1.337267] ehci-orion: EHCI orion driver
[    1.341613] orion-ehci d005e000.usb: EHCI Host Controller
[    1.347124] orion-ehci d005e000.usb: new USB bus registered, assigned bus number 1
[    1.355011] orion-ehci d005e000.usb: irq 22, io mem 0xd005e000
[    1.375194] orion-ehci d005e000.usb: USB 2.0 started, EHCI 1.00
[    1.381891] hub 1-0:1.0: USB hub found
[    1.385720] hub 1-0:1.0: 1 port detected
[    1.390115] ohci_hcd: USB 1.1 'Open' Host Controller (OHCI) Driver
[    1.396444] ohci-pci: OHCI PCI platform driver
[    1.401048] ohci-platform: OHCI generic platform driver
[    1.407058] usbcore: registered new interface driver cdc_acm
[    1.412863] cdc_acm: USB Abstract Control Model driver for USB modems and ISDN adapters
[    1.421104] usbcore: registered new interface driver cdc_wdm
[    1.426930] usbcore: registered new interface driver usb-storage
[    1.433373] i2c_dev: i2c /dev entries driver
[    1.438636] armada_37xx_wdt d0008300.watchdog: Initial timeout 120 sec
[    1.446048] sdhci: Secure Digital Host Controller Interface driver
[    1.452366] sdhci: Copyright(c) Pierre Ossman
[    1.456489] ata1: SATA link down (SStatus 0 SControl 300)
[    1.456885] Synopsys Designware Multimedia Card Interface Driver
[    1.468647] sdhci-pltfm: SDHCI platform and OF driver helper
[    1.475888] ledtrig-cpu: registered to indicate activity on CPUs
[    1.482851] usbcore: registered new interface driver usbhid
[    1.488544] usbhid: USB HID core driver
[    1.493320] NET: Registered PF_INET6 protocol family
[    1.499258] mmc0: SDHCI controller on d00d8000.sdhci [d00d8000.sdhci] using ADMA
[    1.501941] Segment Routing with IPv6
[    1.510753] In-situ OAM (IOAM) with IPv6
[    1.514868] NET: Registered PF_PACKET protocol family
[    1.520223] Bridge firewalling registered
[    1.524672] 8021q: 802.1Q VLAN Support v1.8
[    1.529142] 9pnet: Installing 9P2000 support
[    1.533593] Key type dns_resolver registered
[    1.538385] Loading compiled-in X.509 certificates
[    1.550045] d0012000.serial: ttyMV0 at MMIO 0xd0012000 (irq = 0, base_baud = 1562500) is a mvebu-uart
[    1.559572] printk: console [ttyMV0] enabled
[    1.568294] printk: bootconsole [ar3700_uart0] disabled
[    1.583559] rtc-pcf8563 0-0051: registered as rtc0
[    1.589035] rtc-pcf8563 0-0051: setting system clock to 2022-06-15T17:40:28 UTC (1655314828)
[    1.598311] i2c i2c-0:  PXA I2C adapter
[    1.602706] mv88e6085 d0032004.mdio-mii:03: switch 0x3410 detected: Marvell 88E6341, revision 0
[    1.627606] hwmon hwmon1: temp1_input not attached to any thermal zone
[    1.637050] mmc0: new HS400 MMC card at address 0001
[    1.639489] hwmon hwmon2: temp1_input not attached to any thermal zone
[    1.642954] mmcblk0: mmc0:0001 DG4008 7.28 GiB
[    1.653697] usb 1-1: new high-speed USB device number 2 using orion-ehci
[    1.653987] hwmon hwmon3: temp1_input not attached to any thermal zone
[    1.667822]  mmcblk0: p1
[    1.671200] mmcblk0boot0: mmc0:0001 DG4008 4.00 MiB
[    1.672692] hwmon hwmon4: temp1_input not attached to any thermal zone
[    1.677896] mmcblk0boot1: mmc0:0001 DG4008 4.00 MiB
[    1.689636] mmcblk0rpmb: mmc0:0001 DG4008 4.00 MiB, chardev (243:0)
[    1.824481] hub 1-1:1.0: USB hub found
[    1.828484] hub 1-1:1.0: 4 ports detected
[    2.239201] usb 1-1.1: new full-speed USB device number 3 using orion-ehci
[    2.438999] mv88e6085 d0032004.mdio-mii:03: configuring for fixed/rgmii-id link mode
[    2.449314] mv88e6085 d0032004.mdio-mii:03: Link is Up - 1Gbps/Full - flow control off
[    2.479260] cdc_acm 1-1.1:1.0: ttyACM0: USB ACM device
[    2.520296] mv88e6085 d0032004.mdio-mii:03 lan0 (uninitialized): PHY [!soc!internal-regs@d0000000!mdio@32004!switch0@1!mdio:11] driver [Marvell 88E6341 Family] (irq=63)
[    2.576293] mv88e6085 d0032004.mdio-mii:03 lan1 (uninitialized): PHY [!soc!internal-regs@d0000000!mdio@32004!switch0@1!mdio:12] driver [Marvell 88E6341 Family] (irq=64)
[    2.660292] mv88e6085 d0032004.mdio-mii:03 lan2 (uninitialized): PHY [!soc!internal-regs@d0000000!mdio@32004!switch0@1!mdio:13] driver [Marvell 88E6341 Family] (irq=65)
[    2.749011] mv88e6085 d0032004.mdio-mii:03 lan3 (uninitialized): PHY [!soc!internal-regs@d0000000!mdio@32004!switch0@1!mdio:14] driver [Marvell 88E6341 Family] (irq=66)
[    2.827802] mv88e6085 d0032004.mdio-mii:03 wan (uninitialized): PHY [d0032004.mdio-mii:01] driver [Marvell 88E1510] (irq=POLL)
[    2.840301] device eth0 entered promiscuous mode
[    2.845144] DSA: tree 0 setup
[    2.850106] xhci-hcd d0058000.usb: xHCI Host Controller
[    2.855589] xhci-hcd d0058000.usb: new USB bus registered, assigned bus number 2
[    2.863366] xhci-hcd d0058000.usb: hcc params 0x0a000998 hci version 0x100 quirks 0x0000000000010090
[    2.872866] xhci-hcd d0058000.usb: irq 21, io mem 0xd0058000
[    2.879536] hub 2-0:1.0: USB hub found
[    2.883460] hub 2-0:1.0: 1 port detected
[    2.887864] xhci-hcd d0058000.usb: xHCI Host Controller
[    2.893311] xhci-hcd d0058000.usb: new USB bus registered, assigned bus number 3
[    2.900962] xhci-hcd d0058000.usb: Host supports USB 3.0 SuperSpeed
[    2.907485] usb usb3: We don't know the algorithms for LPM for this host, disabling LPM.
[    2.916431] hub 3-0:1.0: USB hub found
[    2.920359] hub 3-0:1.0: 1 port detected
[    2.925291] Unsupported CPU frequency 1200 MHz
[    2.931157] random: fast init done
[    2.934786] xenon-sdhci d00d8000.sdhci: Timing issue might occur in DDR mode
[    3.017135] EXT4-fs (mmcblk0p1): recovery complete
[    3.022773] EXT4-fs (mmcblk0p1): mounted filesystem with ordered data mode. Opts: (null). Quota mode: none.
[    3.032975] VFS: Mounted root (ext4 filesystem) on device 179:1.
[    3.045110] devtmpfs: mounted
[    3.049415] Freeing unused kernel memory: 2048K
[    3.054212] Run /sbin/init as init process
[    3.058443]   with arguments:
[    3.058446]     /sbin/init
[    3.058450]   with environment:
[    3.058452]     HOME=/
[    3.058455]     TERM=linux
[    3.058458]     biosdevname=0
[    3.203641] systemd[1]: systemd 237 running in system mode. (+PAM +AUDIT +SELINUX +IMA +APPARMOR +SMACK +SYSVINIT +UTMP +LIBCRYPTSETUP +GCRYPT +GNUTLS +ACL +XZ +LZ4 +SECCOMP +BLKID +ELFUTILS +KMOD -IDN2 +IDN -PCRE2 default-hierarchy=hybrid)
[    3.226845] systemd[1]: Detected architecture arm64.
[    3.268013] systemd[1]: Set hostname to <leaf-140b0f4298>.
[    3.441512] systemd[1]: File /lib/systemd/system/systemd-journald.service:36 configures an IP firewall (IPAddressDeny=any), but the local system does not support BPF/cgroup based firewalling.
[    3.459201] systemd[1]: Proceeding WITHOUT firewalling in effect! (This warning is only shown for the first loaded unit using IP firewalling.)
[    3.623277] random: systemd: uninitialized urandom read (16 bytes read)
[    3.630223] systemd[1]: Reached target Remote File Systems.
[    3.647493] random: systemd: uninitialized urandom read (16 bytes read)
[    3.654696] systemd[1]: Started Dispatch Password Requests to Console Directory Watch.
[    3.679420] random: systemd: uninitialized urandom read (16 bytes read)
[    3.687287] systemd[1]: Created slice System Slice.
[    3.703856] systemd[1]: Listening on udev Kernel Socket.
[    3.723932] systemd[1]: Listening on Journal Socket.
[    4.362476] systemd-journald[175]: Received request to flush runtime journal from PID 1
[    4.397531] systemd-journald[175]: File /var/log/journal/140b0f4298fd0194a5066644626bfb9d/system.journal corrupted or uncleanly shut down, renaming and replacing.
[    5.881476] mvneta d0030000.ethernet eth0: configuring for fixed/rgmii-id link mode
[    5.881575] mvneta d0030000.ethernet eth0: Link is Up - 1Gbps/Full - flow control off
[    5.904154] br1: port 1(lan2) entered blocking state
[    5.904204] br1: port 1(lan2) entered disabled state
[    5.905852] cfg80211: Loading compiled-in X.509 certificates for regulatory database
[    5.917130] mv88e6085 d0032004.mdio-mii:03: port 3 failed to add 3e:c6:12:ed:92:38 vid 1 to fdb: -95
[    5.949315] device lan2 entered promiscuous mode
[    5.971001] cfg80211: Loaded X.509 cert 'sforshee: 00b28ddf47aef9cea7'
[    6.078396] br0: port 1(lan3) entered blocking state
[    6.078426] br0: port 1(lan3) entered disabled state
[    6.126301] random: crng init done
[    6.126326] random: 7 urandom warning(s) missed due to ratelimiting
[    6.158044] device lan3 entered promiscuous mode
[    6.164005] mv88e6085 d0032004.mdio-mii:03: p4: hw VLAN 1 already used by port 3 in br1
[    6.184717] mv88e6085 d0032004.mdio-mii:03 lan2: configuring for phy/ link mode
[    6.194926] mv88e6085 d0032004.mdio-mii:03 lan3: configuring for phy/ link mode
[    6.213106] br1: port 2(lan0) entered blocking state
[    6.213138] br1: port 2(lan0) entered disabled state
[    6.266856] device lan0 entered promiscuous mode
[    6.288743] br0: port 2(wan) entered blocking state
[    6.288775] br0: port 2(wan) entered disabled state
[    6.342753] device wan entered promiscuous mode
[    6.350254] mv88e6085 d0032004.mdio-mii:03: p5: hw VLAN 1 already used by port 1 in br1
[    6.362682] br1: port 3(lan1) entered blocking state
[    6.362731] br1: port 3(lan1) entered disabled state
[    6.405556] mwifiex_pcie 0000:01:00.0: no quirks enabled
[    6.405709] mwifiex_pcie 0000:01:00.0: enabling device (0000 -> 0002)
[    6.405942] mwifiex_pcie: PCI memory map Virt0: ffff800009d00000 PCI memory map Virt2: ffff800009f00000
[    6.417473] device lan1 entered promiscuous mode
[    6.462578] mv88e6085 d0032004.mdio-mii:03 lan0: configuring for phy/ link mode
[    6.492863] mv88e6085 d0032004.mdio-mii:03 wan: configuring for phy/sgmii link mode
[    6.524934] mv88e6085 d0032004.mdio-mii:03 lan1: configuring for phy/ link mode
[    7.517259] mwifiex_pcie 0000:01:00.0: info: FW download over, size 608632 bytes
[    8.225837] mv88e6085 d0032004.mdio-mii:03 lan0: Link is Up - 100Mbps/Full - flow control off
[    8.225916] IPv6: ADDRCONF(NETDEV_CHANGE): lan0: link becomes ready
[    8.226116] br1: port 2(lan0) entered blocking state
[    8.226143] br1: port 2(lan0) entered forwarding state
[    8.231397] IPv6: ADDRCONF(NETDEV_CHANGE): br1: link becomes ready
[    8.383260] mwifiex_pcie 0000:01:00.0: WLAN FW is active
[    8.485069] mwifiex_pcie 0000:01:00.0: info: MWIFIEX VERSION: mwifiex 1.0 (16.88.1.p193)
[    8.485099] mwifiex_pcie 0000:01:00.0: driver_version = mwifiex 1.0 (16.88.1.p193)
[    8.599310] usb 1-1.4: new high-speed USB device number 4 using orion-ehci
[    8.994229] Bluetooth: Core ver 2.22
[    8.996683] NET: Registered PF_BLUETOOTH protocol family
[    8.996713] Bluetooth: HCI device and connection manager initialized
[    8.996754] Bluetooth: HCI socket layer initialized
[    8.996763] Bluetooth: L2CAP socket layer initialized
[    8.996798] Bluetooth: SCO socket layer initialized
[    9.037427] usbcore: registered new interface driver btusb
[    9.040668] Bluetooth: hci0: unexpected event for opcode 0x0000
[    9.584738] mv88e6085 d0032004.mdio-mii:03 lan3: Link is Up - 1Gbps/Full - flow control rx/tx
[    9.584807] IPv6: ADDRCONF(NETDEV_CHANGE): lan3: link becomes ready
[    9.584950] br0: port 1(lan3) entered blocking state
[    9.584966] br0: port 1(lan3) entered forwarding state
[    9.592575] IPv6: ADDRCONF(NETDEV_CHANGE): br0: link becomes ready
[   10.626018] mv88e6085 d0032004.mdio-mii:03 wan: Link is Up - 1Gbps/Full - flow control off
[   10.626084] IPv6: ADDRCONF(NETDEV_CHANGE): wan: link becomes ready
[   10.626238] br0: port 2(wan) entered blocking state
[   10.626275] br0: port 2(wan) entered forwarding state
root@leaf-140b0f4298:~#
